// Jest Snapshot v1, https://goo.gl/fbAQLP

exports[`CommonEditorScriptEntry template generates correct template with entry editorScript file 1`] = `
"
  var editorScriptEntry = require('project/src/editor.app.ts');

  module.exports = editorScriptEntry.default || editorScriptEntry;
"
`;
